Renesas Optimizing Linker (W2.08.00 )             11-Mar-2018 15:14:46

*** Options ***

-subcommand=DefaultBuild\demo_freertosv10_0_1.clnk
-library=DefaultBuild\demo_freertosv10_0_1.lib
-input=DefaultBuild\dbsct.obj
-input=DefaultBuild\demo_freertosv10_0_1.obj
-input=DefaultBuild\intprg.obj
-input=DefaultBuild\resetprg.obj
-input=DefaultBuild\sbrk.obj
-input=DefaultBuild\vecttbl.obj
-noprelink
-output=DefaultBuild\demo_freertosv10_0_1.abs
-list=DefaultBuild\demo_freertosv10_0_1.map
-nooptimize
-start=B_1,R_1,B_2,R_2,B,R,SU,SI/04,PResetPRG/0FFE00000,C_1,C_2,C,C$DSEC,C$BSEC,C$INIT,C$VTBL,C$VECT,D_1,D_2,D,P,PIntPRG,W_1,W_2,W,L/0FFE00100,EXCEPTVECT/0FFFFFF80,RESETVECT/0FFFFFFFC
-rom=D=R,D_1=R_1,D_2=R_2
-nologo
-end

*** Error information ***

*** Mapping List ***

SECTION                            START      END         SIZE   ALIGN
B_1
                                  00000004  00000004         0   1
R_1
                                  00000004  00000004         0   1
B_2
                                  00000004  00000004         0   1
R_2
                                  00000004  00000004         0   1
B
                                  00000004  00000403       400   4
R
                                  00000404  00000407         4   4
SU
                                  00000408  00000507       100   4
SI
                                  00000508  00000807       300   4
$ADDR_C_FE7F5D00
                                  fe7f5d00  fe7f5d0b         c   1
$ADDR_C_FE7F5D10
                                  fe7f5d10  fe7f5d13         4   1
$ADDR_C_FE7F5D40
                                  fe7f5d40  fe7f5d43         4   1
$ADDR_C_FE7F5D48
                                  fe7f5d48  fe7f5d4b         4   1
$ADDR_C_FE7F5D50
                                  fe7f5d50  fe7f5d5f        10   1
$ADDR_C_FE7F5D64
                                  fe7f5d64  fe7f5d67         4   1
$ADDR_C_FE7F5D70
                                  fe7f5d70  fe7f5d73         4   1
PResetPRG
                                  ffe00000  ffe00039        3a   1
C_1
                                  ffe00100  ffe00100         0   1
C_2
                                  ffe00100  ffe00100         0   1
C
                                  ffe00100  ffe00133        34   4
C$DSEC
                                  ffe00134  ffe00157        24   4
C$BSEC
                                  ffe00158  ffe0016f        18   4
C$INIT
                                  ffe00170  ffe00170         0   1
C$VTBL
                                  ffe00170  ffe00170         0   1
C$VECT
                                  ffe00170  ffe0056f       400   4
D_1
                                  ffe00570  ffe00570         0   1
D_2
                                  ffe00570  ffe00570         0   1
D
                                  ffe00570  ffe00573         4   4
P
                                  ffe00574  ffe005df        6c   1
PIntPRG
                                  ffe005e0  ffe007a5       1c6   1
W_1
                                  ffe007a6  ffe007a6         0   1
W_2
                                  ffe007a6  ffe007a6         0   1
W
                                  ffe007a6  ffe007a6         0   1
L
                                  ffe007a6  ffe007a6         0   1
EXCEPTVECT
                                  ffffff80  fffffffb        7c   4
RESETVECT
                                  fffffffc  ffffffff         4   4
